0006 3 flags
0007 4 flags
0008 3 flags
0009 2 flags
0010 5 flags
0011 4 flags
0012 13 flags
0013 2 flags
0014 5 flags
0015 6 flags
0016 6 flags
0017 2 flags
0018 3 flags
0019 9 flags
0020 4 flags
0021 5 flags
0022 6 flags
0023 5 flags
0024 3 flags
0025 3 flags
0026 4 flags
0027 9 flags
0028 7 flags
0029 8 flags
0030 5 flags
0031 5 flags
0032 7 flags
0033 3 flags
0034 9 flags
0035 3 flags
0036 2 flags
0037 1 flags
0038 8 flags
0039 3 flags
0040 6 flags
0041 8 flags
0042 4 flags
0043 3 flags
0044 3 flags
0045 4 flags
0046 3 flags
0047 4 flags
0048 4 flags
0049 2 flags
0050 5 flags
0051 2 flags
0052 3 flags
0053 5 flags
0054 8 flags
0055 2 flags
0056 5 flags
0057 4 flags
0058 5 flags
0059 2 flags
0060 3 flags
0061 6 flags
0062 4 flags
0063 7 flags
0064 4 flags
0065 8 flags
0066 3 flags
0067 4 flags
0068 5 flags
0069 4 flags
0070 5 flags
0071 5 flags
0072 5 flags
0073 2 flags
0074 3 flags
0075 2 flags
0076 4 flags
0077 4 flags
0078 4 flags
0079 0 flags
0080 4 flags
0081 5 flags
0082 3 flags
0083 6 flags
0084 2 flags
0085 0 flags
0086 2 flags
0087 6 flags
0088 2 flags
0089 6 flags
0090 3 flags
0091 2 flags
0092 2 flags
0093 5 flags
0094 3 flags
0095 4 flags
0096 7 flags
0097 4 flags
0098 5 flags
0099 4 flags
0100 4 flags
0101 4 flags
0102 6 flags
0103 1 flags
0104 7 flags
0105 4 flags
0106 1 flags
0107 5 flags
0108 3 flags
0109 5 flags
0110 5 flags
0111 2 flags
0112 5 flags
0113 2 flags
0114 2 flags
0115 6 flags
0116 5 flags
0117 2 flags
0118 3 flags
0119 2 flags
0120 4 flags
0121 3 flags
0122 4 flags
0123 5 flags
0124 1 flags
0125 1 flags
0126 3 flags
0127 2 flags
0128 3 flags
0129 6 flags
0130 4 flags
0131 9 flags
0132 4 flags
0133 6 flags
0134 5 flags
0135 4 flags
0136 0 flags
0137 5 flags
0138 2 flags
0139 6 flags
0140 4 flags
0141 5 flags
0142 3 flags
0143 3 flags
0144 1 flags
0145 5 flags
0146 4 flags
0147 4 flags
0148 4 flags
0149 4 flags
0150 3 flags
0151 2 flags
0152 4 flags
0153 7 flags
0154 5 flags
0155 1 flags
0156 11 flags
0157 6 flags
0158 7 flags
0159 5 flags
0160 3 flags
0161 2 flags
0162 2 flags
0163 3 flags
0164 6 flags
0165 5 flags
0166 2 flags
0167 7 flags
0168 10 flags
0169 6 flags
0170 7 flags
0171 7 flags
0172 2 flags
0173 4 flags
0174 2 flags
0175 1 flags
0176 3 flags
0177 3 flags
0178 8 flags
0179 11 flags
0180 4 flags
0181 1 flags
0182 2 flags
0183 1 flags
0184 2 flags
0185 7 flags
0186 9 flags
0187 2 flags
0188 5 flags
0189 5 flags
0190 6 flags
0191 5 flags
0192 3 flags
0193 2 flags
0194 4 flags
0195 3 flags
0196 2 flags
0197 6 flags
0198 4 flags
0199 3 flags
0200 5 flags
0201 7 flags
0202 2 flags
0203 2 flags
0204 6 flags
0205 3 flags
0206 1 flags
0207 2 flags
0208 2 flags
0209 3 flags
0210 6 flags
0211 1 flags
0212 5 flags
0213 6 flags
0214 3 flags
0215 1 flags
0216 6 flags
0217 3 flags
0218 2 flags
0219 5 flags
0220 4 flags
0221 3 flags
0222 6 flags
0223 3 flags
0224 6 flags
0225 2 flags
0226 3 flags
0227 5 flags
0228 3 flags
0229 5 flags
0230 5 flags
0231 6 flags
0232 4 flags
0233 2 flags
0234 5 flags
0235 2 flags
0236 2 flags
0237 7 flags
0238 3 flags
0239 5 flags
0240 5 flags
0241 4 flags
0242 7 flags
0243 4 flags
0244 3 flags
0245 2 flags
0246 4 flags
0247 2 flags
0248 5 flags
0249 3 flags
0250 3 flags
0251 3 flags
0252 8 flags
0253 6 flags
0254 3 flags
0255 2 flags
0256 5 flags
0257 5 flags
0258 5 flags
0259 2 flags
0260 4 flags
0261 1 flags
0262 7 flags
0263 3 flags
0264 3 flags
0265 2 flags
0266 3 flags
0267 5 flags
0268 1 flags
0269 3 flags
0270 4 flags
0271 6 flags
0272 8 flags
0273 8 flags
0274 8 flags
0275 4 flags
0276 7 flags
0277 4 flags
0278 8 flags
0279 5 flags
0280 5 flags
0281 4 flags
0282 4 flags
0283 7 flags
0284 6 flags
0285 8 flags
0286 9 flags
0287 4 flags
0288 3 flags
0289 2 flags
0290 3 flags
0291 2 flags
0292 3 flags
0293 4 flags
0294 5 flags
0295 8 flags
0296 3 flags
0297 1 flags
0298 2 flags
0299 3 flags
0300 6 flags
0301 4 flags
0302 4 flags
0303 6 flags
0304 4 flags
0305 4 flags
0306 4 flags
0307 3 flags
0308 5 flags
0309 6 flags
0310 6 flags
0311 6 flags
0312 3 flags
0313 6 flags
0314 2 flags
0315 3 flags
0316 3 flags
0317 4 flags
0318 3 flags
0319 3 flags
0320 3 flags
0321 5 flags
0322 3 flags
0323 7 flags
0324 5 flags
0325 4 flags
0326 5 flags
0327 3 flags
0328 4 flags
0329 6 flags
0330 6 flags
0331 8 flags
0332 6 flags
0333 5 flags
0334 7 flags
0335 5 flags
0336 6 flags
0337 3 flags
0338 3 flags
0339 5 flags
0340 7 flags
0341 5 flags
0342 6 flags
0343 3 flags
0344 2 flags
0345 1 flags
0346 10 flags
0347 1 flags
0348 4 flags
0349 4 flags
0350 3 flags
0351 8 flags
0352 3 flags
0353 3 flags
0354 4 flags
0355 6 flags
0356 4 flags
0357 8 flags
0358 4 flags
0359 3 flags
0360 2 flags
0361 7 flags
0362 6 flags
0363 3 flags
0364 1 flags
0365 1 flags
0366 6 flags
0367 5 flags
0368 6 flags
0369 6 flags
0370 6 flags
0371 5 flags
0372 2 flags
0373 7 flags
0374 2 flags
0375 5 flags
0376 5 flags
0377 6 flags
0378 3 flags
0379 10 flags
0380 4 flags
0381 6 flags
0382 8 flags
0383 7 flags
0384 4 flags
0385 0 flags
0386 7 flags
0387 4 flags
0388 5 flags
0389 3 flags
0390 3 flags
0391 4 flags
0392 6 flags
0393 7 flags
0394 9 flags
0395 0 flags
0396 2 flags
0397 2 flags
0398 4 flags
0399 4 flags
0400 5 flags
0401 8 flags
0402 4 flags
0403 8 flags
0404 3 flags
0405 3 flags
0406 5 flags
0407 3 flags
0408 1 flags
0409 3 flags
0410 11 flags
0411 2 flags
0412 3 flags
0413 2 flags
0414 4 flags
0415 2 flags
0416 4 flags
0417 4 flags
0418 2 flags
0419 4 flags
0420 4 flags
0421 5 flags
0422 2 flags
0423 7 flags
0424 6 flags
0425 0 flags
0426 4 flags
0427 7 flags
0428 8 flags
0429 6 flags
0430 3 flags
0431 5 flags
0432 2 flags
0433 19 flags
0434 1 flags
0435 6 flags
0436 9 flags
0437 3 flags
0438 13 flags
0439 4 flags
0440 3 flags
0441 2 flags
0442 6 flags
0443 4 flags
0444 5 flags
0445 1 flags
0446 6 flags
0447 2 flags
0448 10 flags
0449 13 flags
0450 1 flags
0451 8 flags
0452 4 flags
0453 4 flags
0454 4 flags
0455 5 flags
0456 5 flags
0457 4 flags
0458 2 flags
0459 7 flags
0460 3 flags
0461 6 flags
0462 3 flags
0463 3 flags
0464 3 flags
0465 5 flags
0466 6 flags
0467 7 flags
0468 10 flags
0469 6 flags
0470 FAILED to parse: ValueError('substring not found')
0471 4 flags
0472 5 flags
0473 1 flags
0474 3 flags
0475 8 flags
0476 4 flags
0477 3 flags
0478 6 flags
0479 1 flags
0480 4 flags
0481 7 flags
0482 5 flags
0483 1 flags
0484 4 flags
0485 3 flags
0486 12 flags
0487 2 flags
0488 2 flags
0489 4 flags
0490 6 flags
0491 5 flags
0492 3 flags
0493 6 flags
0494 7 flags
0495 8 flags
0496 3 flags
0497 7 flags
0498 3 flags
0499 7 flags
0500 5 flags
0501 7 flags
0502 2 flags
0503 1 flags
0504 8 flags
0505 3 flags
0506 3 flags
0507 4 flags
0508 6 flags
0509 3 flags
0510 5 flags
0511 2 flags
0512 1 flags
0513 1 flags
0514 5 flags
0515 6 flags
0516 2 flags
0517 1 flags
0518 1 flags
0519 1 flags
0520 2 flags
0521 2 flags
0522 2 flags
0523 8 flags
0524 5 flags
0525 1 flags
0526 9 flags
0527 1 flags
0528 5 flags
0529 5 flags
0530 2 flags
0531 4 flags
0532 1 flags
0533 6 flags
0534 2 flags
0535 2 flags
0536 3 flags
0537 7 flags
0538 3 flags
0539 3 flags
0540 4 flags
0541 3 flags
0542 2 flags
0543 4 flags
0544 1 flags
0545 2 flags
0546 4 flags
0547 1 flags
0548 3 flags
0549 10 flags
0550 3 flags
0551 3 flags
0552 4 flags
0553 7 flags
0554 5 flags
0555 7 flags
0556 3 flags
0557 4 flags
0558 1 flags
0559 6 flags
0560 7 flags
0561 0 flags
0562 3 flags
0563 3 flags
0564 16 flags
0565 3 flags
0566 10 flags
0567 11 flags
0568 5 flags
0569 3 flags
0570 2 flags
0571 5 flags
0572 5 flags
0573 3 flags
0574 1 flags
0575 2 flags
0576 3 flags
0577 6 flags
0578 6 flags
0579 3 flags
0580 2 flags
0581 2 flags
0582 3 flags
0583 2 flags
0584 4 flags
0585 5 flags
0586 4 flags
0587 5 flags
0588 3 flags
0589 6 flags
0590 1 flags
0591 4 flags
0592 3 flags
0593 4 flags
0594 3 flags
0595 1 flags
0596 4 flags
0597 3 flags
0598 3 flags
0599 4 flags
0600 4 flags
0601 5 flags
0602 3 flags
0603 3 flags
0604 4 flags
0605 1 flags
0606 6 flags
0607 8 flags
0608 14 flags
0609 3 flags
0610 1 flags
0611 5 flags
0612 5 flags
0613 1 flags
0614 7 flags
0615 4 flags
0616 3 flags
0617 2 flags
0618 6 flags
0619 3 flags
0620 5 flags
0621 3 flags
0622 3 flags
0623 8 flags
0624 3 flags
0625 8 flags
0626 2 flags
0627 2 flags
0628 10 flags
0629 4 flags
0630 2 flags
0631 2 flags
0632 2 flags
0633 5 flags
0634 5 flags
0635 5 flags
0636 3 flags
0637 3 flags
0638 2 flags
0639 4 flags
0640 5 flags
0641 5 flags
0642 3 flags
0643 3 flags
0644 5 flags
0645 3 flags
0646 4 flags
0647 2 flags
0648 2 flags
0649 2 flags
0650 0 flags
